[0,0,0,0] => 0
[0,0,0,1] => 1
[0,0,0,-1] => 1
[0,0,0,2147483647] => 2147483647
[0,0,0,-2147483648] => 2147483648
[0,0,1,0] => 1
[0,0,1,1] => 1.4142135623731
[0,0,1,-1] => 1.4142135623731
[0,0,1,2147483647] => 2147483647
[0,0,1,-2147483648] => 2147483648
[0,0,-1,0] => 1
[0,0,-1,1] => 1.4142135623731
[0,0,-1,-1] => 1.4142135623731
[0,0,-1,2147483647] => 2147483647
[0,0,-1,-2147483648] => 2147483648
[0,0,2147483647,0] => 2147483647
[0,0,2147483647,1] => 2147483647
[0,0,2147483647,-1] => 2147483647
[0,0,2147483647,2147483647] => 3037000498.56184
[0,0,2147483647,-2147483648] => 3037000499.26894
[0,0,-2147483648,0] => 2147483648
[0,0,-2147483648,1] => 2147483648
[0,0,-2147483648,-1] => 2147483648
[0,0,-2147483648,2147483647] => 3037000499.26894
[0,0,-2147483648,-2147483648] => NaN
[0,1,0,0] => 1
[0,1,0,1] => 0
[0,1,0,-1] => 2
[0,1,0,2147483647] => 2147483646
[0,1,0,-2147483648] => 2147483647
[0,1,1,0] => 1.4142135623731
[0,1,1,1] => 1
[0,1,1,-1] => 2.23606797749979
[0,1,1,2147483647] => 2147483646
[0,1,1,-2147483648] => 2147483647
[0,1,-1,0] => 1.4142135623731
[0,1,-1,1] => 1
[0,1,-1,-1] => 2.23606797749979
[0,1,-1,2147483647] => 2147483646
[0,1,-1,-2147483648] => 2147483647
[0,1,2147483647,0] => 2147483647
[0,1,2147483647,1] => 2147483647
[0,1,2147483647,-1] => 2147483647
[0,1,2147483647,2147483647] => 3037000497.85473
[0,1,2147483647,-2147483648] => 3037000498.56184
[0,1,-2147483648,0] => 2147483648
[0,1,-2147483648,1] => 2147483648
[0,1,-2147483648,-1] => 2147483648
[0,1,-2147483648,2147483647] => 3037000498.56184
[0,1,-2147483648,-2147483648] => 3037000499.26894
[0,-1,0,0] => 1
[0,-1,0,1] => 2
[0,-1,0,-1] => 0
[0,-1,0,2147483647] => 2147483648
[0,-1,0,-2147483648] => 2147483647
[0,-1,1,0] => 1.4142135623731
[0,-1,1,1] => 2.23606797749979
[0,-1,1,-1] => 1
[0,-1,1,2147483647] => 2147483648
[0,-1,1,-2147483648] => 2147483647
[0,-1,-1,0] => 1.4142135623731
[0,-1,-1,1] => 2.23606797749979
[0,-1,-1,-1] => 1
[0,-1,-1,2147483647] => 2147483648
[0,-1,-1,-2147483648] => 2147483647
[0,-1,2147483647,0] => 2147483647
[0,-1,2147483647,1] => 2147483647
[0,-1,2147483647,-1] => 2147483647
[0,-1,2147483647,2147483647] => 3037000499.26894
[0,-1,2147483647,-2147483648] => 3037000498.56184
[0,-1,-2147483648,0] => 2147483648
[0,-1,-2147483648,1] => 2147483648
[0,-1,-2147483648,-1] => 2147483648
[0,-1,-2147483648,2147483647] => NaN
[0,-1,-2147483648,-2147483648] => 3037000499.26894
[0,2147483647,0,0] => 2147483647
[0,2147483647,0,1] => 2147483646
[0,2147483647,0,-1] => 2147483648
[0,2147483647,0,2147483647] => 0
[0,2147483647,0,-2147483648] => 1
[0,2147483647,1,0] => 2147483647
[0,2147483647,1,1] => 2147483646
[0,2147483647,1,-1] => 2147483648
[0,2147483647,1,2147483647] => 1
[0,2147483647,1,-2147483648] => 1.4142135623731
[0,2147483647,-1,0] => 2147483647
[0,2147483647,-1,1] => 2147483646
[0,2147483647,-1,-1] => 2147483648
[0,2147483647,-1,2147483647] => 1
[0,2147483647,-1,-2147483648] => 1.4142135623731
[0,2147483647,2147483647,0] => 3037000498.56184
[0,2147483647,2147483647,1] => 3037000497.85473
[0,2147483647,2147483647,-1] => 3037000499.26894
[0,2147483647,2147483647,2147483647] => 2147483647
[0,2147483647,2147483647,-2147483648] => 2147483647
[0,2147483647,-2147483648,0] => 3037000499.26894
[0,2147483647,-2147483648,1] => 3037000498.56184
[0,2147483647,-2147483648,-1] => NaN
[0,2147483647,-2147483648,2147483647] => 2147483648
[0,2147483647,-2147483648,-2147483648] => 2147483648
[0,-2147483648,0,0] => 2147483648
[0,-2147483648,0,1] => 2147483647
[0,-2147483648,0,-1] => 2147483647
[0,-2147483648,0,2147483647] => 1
[0,-2147483648,0,-2147483648] => 0
[0,-2147483648,1,0] => 2147483648
[0,-2147483648,1,1] => 2147483647
[0,-2147483648,1,-1] => 2147483647
[0,-2147483648,1,2147483647] => 1.4142135623731
[0,-2147483648,1,-2147483648] => 1
[0,-2147483648,-1,0] => 2147483648
[0,-2147483648,-1,1] => 2147483647
[0,-2147483648,-1,-1] => 2147483647
[0,-2147483648,-1,2147483647] => 1.4142135623731
[0,-2147483648,-1,-2147483648] => 1
[0,-2147483648,2147483647,0] => 3037000499.26894
[0,-2147483648,2147483647,1] => 3037000498.56184
[0,-2147483648,2147483647,-1] => 3037000498.56184
[0,-2147483648,2147483647,2147483647] => 2147483647
[0,-2147483648,2147483647,-2147483648] => 2147483647
[0,-2147483648,-2147483648,0] => NaN
[0,-2147483648,-2147483648,1] => 3037000499.26894
[0,-2147483648,-2147483648,-1] => 3037000499.26894
[0,-2147483648,-2147483648,2147483647] => 2147483648
[0,-2147483648,-2147483648,-2147483648] => 2147483648
[1,0,0,0] => 1
[1,0,0,1] => 1.4142135623731
[1,0,0,-1] => 1.4142135623731
[1,0,0,2147483647] => 2147483647
[1,0,0,-2147483648] => 2147483648
[1,0,1,0] => 0
[1,0,1,1] => 1
[1,0,1,-1] => 1
[1,0,1,2147483647] => 2147483647
[1,0,1,-2147483648] => 2147483648
[1,0,-1,0] => 2
[1,0,-1,1] => 2.23606797749979
[1,0,-1,-1] => 2.23606797749979
[1,0,-1,2147483647] => 2147483647
[1,0,-1,-2147483648] => 2147483648
[1,0,2147483647,0] => 2147483646
[1,0,2147483647,1] => 2147483646
[1,0,2147483647,-1] => 2147483646
[1,0,2147483647,2147483647] => 3037000497.85473
[1,0,2147483647,-2147483648] => 3037000498.56184
[1,0,-2147483648,0] => 2147483647
[1,0,-2147483648,1] => 2147483647
[1,0,-2147483648,-1] => 2147483647
[1,0,-2147483648,2147483647] => 3037000498.56184
[1,0,-2147483648,-2147483648] => 3037000499.26894
[1,1,0,0] => 1.4142135623731
[1,1,0,1] => 1
[1,1,0,-1] => 2.23606797749979
[1,1,0,2147483647] => 2147483646
[1,1,0,-2147483648] => 2147483647
[1,1,1,0] => 1
[1,1,1,1] => 0
[1,1,1,-1] => 2
[1,1,1,2147483647] => 2147483646
[1,1,1,-2147483648] => 2147483647
[1,1,-1,0] => 2.23606797749979
[1,1,-1,1] => 2
[1,1,-1,-1] => 2.82842712474619
[1,1,-1,2147483647] => 2147483646
[1,1,-1,-2147483648] => 2147483647
[1,1,2147483647,0] => 2147483646
[1,1,2147483647,1] => 2147483646
[1,1,2147483647,-1] => 2147483646
[1,1,2147483647,2147483647] => 3037000497.14762
[1,1,2147483647,-2147483648] => 3037000497.85473
[1,1,-2147483648,0] => 2147483647
[1,1,-2147483648,1] => 2147483647
[1,1,-2147483648,-1] => 2147483647
[1,1,-2147483648,2147483647] => 3037000497.85473
[1,1,-2147483648,-2147483648] => 3037000498.56184
[1,-1,0,0] => 1.4142135623731
[1,-1,0,1] => 2.23606797749979
[1,-1,0,-1] => 1
[1,-1,0,2147483647] => 2147483648
[1,-1,0,-2147483648] => 2147483647
[1,-1,1,0] => 1
[1,-1,1,1] => 2
[1,-1,1,-1] => 0
[1,-1,1,2147483647] => 2147483648
[1,-1,1,-2147483648] => 2147483647
[1,-1,-1,0] => 2.23606797749979
[1,-1,-1,1] => 2.82842712474619
[1,-1,-1,-1] => 2
[1,-1,-1,2147483647] => 2147483648
[1,-1,-1,-2147483648] => 2147483647
[1,-1,2147483647,0] => 2147483646
[1,-1,2147483647,1] => 2147483646
[1,-1,2147483647,-1] => 2147483646
[1,-1,2147483647,2147483647] => 3037000498.56184
[1,-1,2147483647,-2147483648] => 3037000497.85473
[1,-1,-2147483648,0] => 2147483647
[1,-1,-2147483648,1] => 2147483647
[1,-1,-2147483648,-1] => 2147483647
[1,-1,-2147483648,2147483647] => 3037000499.26894
[1,-1,-2147483648,-2147483648] => 3037000498.56184
[1,2147483647,0,0] => 2147483647
[1,2147483647,0,1] => 2147483646
[1,2147483647,0,-1] => 2147483648
[1,2147483647,0,2147483647] => 1
[1,2147483647,0,-2147483648] => 1.4142135623731
[1,2147483647,1,0] => 2147483647
[1,2147483647,1,1] => 2147483646
[1,2147483647,1,-1] => 2147483648
[1,2147483647,1,2147483647] => 0
[1,2147483647,1,-2147483648] => 1
[1,2147483647,-1,0] => 2147483647
[1,2147483647,-1,1] => 2147483646
[1,2147483647,-1,-1] => 2147483648
[1,2147483647,-1,2147483647] => 2
[1,2147483647,-1,-2147483648] => 2.23606797749979
[1,2147483647,2147483647,0] => 3037000497.85473
[1,2147483647,2147483647,1] => 3037000497.14762
[1,2147483647,2147483647,-1] => 3037000498.56184
[1,2147483647,2147483647,2147483647] => 2147483646
[1,2147483647,2147483647,-2147483648] => 2147483646
[1,2147483647,-2147483648,0] => 3037000498.56184
[1,2147483647,-2147483648,1] => 3037000497.85473
[1,2147483647,-2147483648,-1] => 3037000499.26894
[1,2147483647,-2147483648,2147483647] => 2147483647
[1,2147483647,-2147483648,-2147483648] => 2147483647
[1,-2147483648,0,0] => 2147483648
[1,-2147483648,0,1] => 2147483647
[1,-2147483648,0,-1] => 2147483647
[1,-2147483648,0,2147483647] => 1.4142135623731
[1,-2147483648,0,-2147483648] => 1
[1,-2147483648,1,0] => 2147483648
[1,-2147483648,1,1] => 2147483647
[1,-2147483648,1,-1] => 2147483647
[1,-2147483648,1,2147483647] => 1
[1,-2147483648,1,-2147483648] => 0
[1,-2147483648,-1,0] => 2147483648
[1,-2147483648,-1,1] => 2147483647
[1,-2147483648,-1,-1] => 2147483647
[1,-2147483648,-1,2147483647] => 2.23606797749979
[1,-2147483648,-1,-2147483648] => 2
[1,-2147483648,2147483647,0] => 3037000498.56184
[1,-2147483648,2147483647,1] => 3037000497.85473
[1,-2147483648,2147483647,-1] => 3037000497.85473
[1,-2147483648,2147483647,2147483647] => 2147483646
[1,-2147483648,2147483647,-2147483648] => 2147483646
[1,-2147483648,-2147483648,0] => 3037000499.26894
[1,-2147483648,-2147483648,1] => 3037000498.56184
[1,-2147483648,-2147483648,-1] => 3037000498.56184
[1,-2147483648,-2147483648,2147483647] => 2147483647
[1,-2147483648,-2147483648,-2147483648] => 2147483647
[-1,0,0,0] => 1
[-1,0,0,1] => 1.4142135623731
[-1,0,0,-1] => 1.4142135623731
[-1,0,0,2147483647] => 2147483647
[-1,0,0,-2147483648] => 2147483648
[-1,0,1,0] => 2
[-1,0,1,1] => 2.23606797749979
[-1,0,1,-1] => 2.23606797749979
[-1,0,1,2147483647] => 2147483647
[-1,0,1,-2147483648] => 2147483648
[-1,0,-1,0] => 0
[-1,0,-1,1] => 1
[-1,0,-1,-1] => 1
[-1,0,-1,2147483647] => 2147483647
[-1,0,-1,-2147483648] => 2147483648
[-1,0,2147483647,0] => 2147483648
[-1,0,2147483647,1] => 2147483648
[-1,0,2147483647,-1] => 2147483648
[-1,0,2147483647,2147483647] => 3037000499.26894
[-1,0,2147483647,-2147483648] => NaN
[-1,0,-2147483648,0] => 2147483647
[-1,0,-2147483648,1] => 2147483647
[-1,0,-2147483648,-1] => 2147483647
[-1,0,-2147483648,2147483647] => 3037000498.56184
[-1,0,-2147483648,-2147483648] => 3037000499.26894
[-1,1,0,0] => 1.4142135623731
[-1,1,0,1] => 1
[-1,1,0,-1] => 2.23606797749979
[-1,1,0,2147483647] => 2147483646
[-1,1,0,-2147483648] => 2147483647
[-1,1,1,0] => 2.23606797749979
[-1,1,1,1] => 2
[-1,1,1,-1] => 2.82842712474619
[-1,1,1,2147483647] => 2147483646
[-1,1,1,-2147483648] => 2147483647
[-1,1,-1,0] => 1
[-1,1,-1,1] => 0
[-1,1,-1,-1] => 2
[-1,1,-1,2147483647] => 2147483646
[-1,1,-1,-2147483648] => 2147483647
[-1,1,2147483647,0] => 2147483648
[-1,1,2147483647,1] => 2147483648
[-1,1,2147483647,-1] => 2147483648
[-1,1,2147483647,2147483647] => 3037000498.56184
[-1,1,2147483647,-2147483648] => 3037000499.26894
[-1,1,-2147483648,0] => 2147483647
[-1,1,-2147483648,1] => 2147483647
[-1,1,-2147483648,-1] => 2147483647
[-1,1,-2147483648,2147483647] => 3037000497.85473
[-1,1,-2147483648,-2147483648] => 3037000498.56184
[-1,-1,0,0] => 1.4142135623731
[-1,-1,0,1] => 2.23606797749979
[-1,-1,0,-1] => 1
[-1,-1,0,2147483647] => 2147483648
[-1,-1,0,-2147483648] => 2147483647
[-1,-1,1,0] => 2.23606797749979
[-1,-1,1,1] => 2.82842712474619
[-1,-1,1,-1] => 2
[-1,-1,1,2147483647] => 2147483648
[-1,-1,1,-2147483648] => 2147483647
[-1,-1,-1,0] => 1
[-1,-1,-1,1] => 2
[-1,-1,-1,-1] => 0
[-1,-1,-1,2147483647] => 2147483648
[-1,-1,-1,-2147483648] => 2147483647
[-1,-1,2147483647,0] => 2147483648
[-1,-1,2147483647,1] => 2147483648
[-1,-1,2147483647,-1] => 2147483648
[-1,-1,2147483647,2147483647] => NaN
[-1,-1,2147483647,-2147483648] => 3037000499.26894
[-1,-1,-2147483648,0] => 2147483647
[-1,-1,-2147483648,1] => 2147483647
[-1,-1,-2147483648,-1] => 2147483647
[-1,-1,-2147483648,2147483647] => 3037000499.26894
[-1,-1,-2147483648,-2147483648] => 3037000498.56184
[-1,2147483647,0,0] => 2147483647
[-1,2147483647,0,1] => 2147483646
[-1,2147483647,0,-1] => 2147483648
[-1,2147483647,0,2147483647] => 1
[-1,2147483647,0,-2147483648] => 1.4142135623731
[-1,2147483647,1,0] => 2147483647
[-1,2147483647,1,1] => 2147483646
[-1,2147483647,1,-1] => 2147483648
[-1,2147483647,1,2147483647] => 2
[-1,2147483647,1,-2147483648] => 2.23606797749979
[-1,2147483647,-1,0] => 2147483647
[-1,2147483647,-1,1] => 2147483646
[-1,2147483647,-1,-1] => 2147483648
[-1,2147483647,-1,2147483647] => 0
[-1,2147483647,-1,-2147483648] => 1
[-1,2147483647,2147483647,0] => 3037000499.26894
[-1,2147483647,2147483647,1] => 3037000498.56184
[-1,2147483647,2147483647,-1] => NaN
[-1,2147483647,2147483647,2147483647] => 2147483648
[-1,2147483647,2147483647,-2147483648] => 2147483648
[-1,2147483647,-2147483648,0] => 3037000498.56184
[-1,2147483647,-2147483648,1] => 3037000497.85473
[-1,2147483647,-2147483648,-1] => 3037000499.26894
[-1,2147483647,-2147483648,2147483647] => 2147483647
[-1,2147483647,-2147483648,-2147483648] => 2147483647
[-1,-2147483648,0,0] => 2147483648
[-1,-2147483648,0,1] => 2147483647
[-1,-2147483648,0,-1] => 2147483647
[-1,-2147483648,0,2147483647] => 1.4142135623731
[-1,-2147483648,0,-2147483648] => 1
[-1,-2147483648,1,0] => 2147483648
[-1,-2147483648,1,1] => 2147483647
[-1,-2147483648,1,-1] => 2147483647
[-1,-2147483648,1,2147483647] => 2.23606797749979
[-1,-2147483648,1,-2147483648] => 2
[-1,-2147483648,-1,0] => 2147483648
[-1,-2147483648,-1,1] => 2147483647
[-1,-2147483648,-1,-1] => 2147483647
[-1,-2147483648,-1,2147483647] => 1
[-1,-2147483648,-1,-2147483648] => 0
[-1,-2147483648,2147483647,0] => NaN
[-1,-2147483648,2147483647,1] => 3037000499.26894
[-1,-2147483648,2147483647,-1] => 3037000499.26894
[-1,-2147483648,2147483647,2147483647] => 2147483648
[-1,-2147483648,2147483647,-2147483648] => 2147483648
[-1,-2147483648,-2147483648,0] => 3037000499.26894
[-1,-2147483648,-2147483648,1] => 3037000498.56184
[-1,-2147483648,-2147483648,-1] => 3037000498.56184
[-1,-2147483648,-2147483648,2147483647] => 2147483647
[-1,-2147483648,-2147483648,-2147483648] => 2147483647
[2147483647,0,0,0] => 2147483647
[2147483647,0,0,1] => 2147483647
[2147483647,0,0,-1] => 2147483647
[2147483647,0,0,2147483647] => 3037000498.56184
[2147483647,0,0,-2147483648] => 3037000499.26894
[2147483647,0,1,0] => 2147483646
[2147483647,0,1,1] => 2147483646
[2147483647,0,1,-1] => 2147483646
[2147483647,0,1,2147483647] => 3037000497.85473
[2147483647,0,1,-2147483648] => 3037000498.56184
[2147483647,0,-1,0] => 2147483648
[2147483647,0,-1,1] => 2147483648
[2147483647,0,-1,-1] => 2147483648
[2147483647,0,-1,2147483647] => 3037000499.26894
[2147483647,0,-1,-2147483648] => NaN
[2147483647,0,2147483647,0] => 0
[2147483647,0,2147483647,1] => 1
[2147483647,0,2147483647,-1] => 1
[2147483647,0,2147483647,2147483647] => 2147483647
[2147483647,0,2147483647,-2147483648] => 2147483648
[2147483647,0,-2147483648,0] => 1
[2147483647,0,-2147483648,1] => 1.4142135623731
[2147483647,0,-2147483648,-1] => 1.4142135623731
[2147483647,0,-2147483648,2147483647] => 2147483647
[2147483647,0,-2147483648,-2147483648] => 2147483648
[2147483647,1,0,0] => 2147483647
[2147483647,1,0,1] => 2147483647
[2147483647,1,0,-1] => 2147483647
[2147483647,1,0,2147483647] => 3037000497.85473
[2147483647,1,0,-2147483648] => 3037000498.56184
[2147483647,1,1,0] => 2147483646
[2147483647,1,1,1] => 2147483646
[2147483647,1,1,-1] => 2147483646
[2147483647,1,1,2147483647] => 3037000497.14762
[2147483647,1,1,-2147483648] => 3037000497.85473
[2147483647,1,-1,0] => 2147483648
[2147483647,1,-1,1] => 2147483648
[2147483647,1,-1,-1] => 2147483648
[2147483647,1,-1,2147483647] => 3037000498.56184
[2147483647,1,-1,-2147483648] => 3037000499.26894
[2147483647,1,2147483647,0] => 1
[2147483647,1,2147483647,1] => 0
[2147483647,1,2147483647,-1] => 2
[2147483647,1,2147483647,2147483647] => 2147483646
[2147483647,1,2147483647,-2147483648] => 2147483647
[2147483647,1,-2147483648,0] => 1.4142135623731
[2147483647,1,-2147483648,1] => 1
[2147483647,1,-2147483648,-1] => 2.23606797749979
[2147483647,1,-2147483648,2147483647] => 2147483646
[2147483647,1,-2147483648,-2147483648] => 2147483647
[2147483647,-1,0,0] => 2147483647
[2147483647,-1,0,1] => 2147483647
[2147483647,-1,0,-1] => 2147483647
[2147483647,-1,0,2147483647] => 3037000499.26894
[2147483647,-1,0,-2147483648] => 3037000498.56184
[2147483647,-1,1,0] => 2147483646
[2147483647,-1,1,1] => 2147483646
[2147483647,-1,1,-1] => 2147483646
[2147483647,-1,1,2147483647] => 3037000498.56184
[2147483647,-1,1,-2147483648] => 3037000497.85473
[2147483647,-1,-1,0] => 2147483648
[2147483647,-1,-1,1] => 2147483648
[2147483647,-1,-1,-1] => 2147483648
[2147483647,-1,-1,2147483647] => NaN
[2147483647,-1,-1,-2147483648] => 3037000499.26894
[2147483647,-1,2147483647,0] => 1
[2147483647,-1,2147483647,1] => 2
[2147483647,-1,2147483647,-1] => 0
[2147483647,-1,2147483647,2147483647] => 2147483648
[2147483647,-1,2147483647,-2147483648] => 2147483647
[2147483647,-1,-2147483648,0] => 1.4142135623731
[2147483647,-1,-2147483648,1] => 2.23606797749979
[2147483647,-1,-2147483648,-1] => 1
[2147483647,-1,-2147483648,2147483647] => 2147483648
[2147483647,-1,-2147483648,-2147483648] => 2147483647
[2147483647,2147483647,0,0] => 3037000498.56184
[2147483647,2147483647,0,1] => 3037000497.85473
[2147483647,2147483647,0,-1] => 3037000499.26894
[2147483647,2147483647,0,2147483647] => 2147483647
[2147483647,2147483647,0,-2147483648] => 2147483647
[2147483647,2147483647,1,0] => 3037000497.85473
[2147483647,2147483647,1,1] => 3037000497.14762
[2147483647,2147483647,1,-1] => 3037000498.56184
[2147483647,2147483647,1,2147483647] => 2147483646
[2147483647,2147483647,1,-2147483648] => 2147483646
[2147483647,2147483647,-1,0] => 3037000499.26894
[2147483647,2147483647,-1,1] => 3037000498.56184
[2147483647,2147483647,-1,-1] => NaN
[2147483647,2147483647,-1,2147483647] => 2147483648
[2147483647,2147483647,-1,-2147483648] => 2147483648
[2147483647,2147483647,2147483647,0] => 2147483647
[2147483647,2147483647,2147483647,1] => 2147483646
[2147483647,2147483647,2147483647,-1] => 2147483648
[2147483647,2147483647,2147483647,2147483647] => 0
[2147483647,2147483647,2147483647,-2147483648] => 1
[2147483647,2147483647,-2147483648,0] => 2147483647
[2147483647,2147483647,-2147483648,1] => 2147483646
[2147483647,2147483647,-2147483648,-1] => 2147483648
[2147483647,2147483647,-2147483648,2147483647] => 1
[2147483647,2147483647,-2147483648,-2147483648] => 1.4142135623731
[2147483647,-2147483648,0,0] => 3037000499.26894
[2147483647,-2147483648,0,1] => 3037000498.56184
[2147483647,-2147483648,0,-1] => 3037000498.56184
[2147483647,-2147483648,0,2147483647] => 2147483647
[2147483647,-2147483648,0,-2147483648] => 2147483647
[2147483647,-2147483648,1,0] => 3037000498.56184
[2147483647,-2147483648,1,1] => 3037000497.85473
[2147483647,-2147483648,1,-1] => 3037000497.85473
[2147483647,-2147483648,1,2147483647] => 2147483646
[2147483647,-2147483648,1,-2147483648] => 2147483646
[2147483647,-2147483648,-1,0] => NaN
[2147483647,-2147483648,-1,1] => 3037000499.26894
[2147483647,-2147483648,-1,-1] => 3037000499.26894
[2147483647,-2147483648,-1,2147483647] => 2147483648
[2147483647,-2147483648,-1,-2147483648] => 2147483648
[2147483647,-2147483648,2147483647,0] => 2147483648
[2147483647,-2147483648,2147483647,1] => 2147483647
[2147483647,-2147483648,2147483647,-1] => 2147483647
[2147483647,-2147483648,2147483647,2147483647] => 1
[2147483647,-2147483648,2147483647,-2147483648] => 0
[2147483647,-2147483648,-2147483648,0] => 2147483648
[2147483647,-2147483648,-2147483648,1] => 2147483647
[2147483647,-2147483648,-2147483648,-1] => 2147483647
[2147483647,-2147483648,-2147483648,2147483647] => 1.4142135623731
[2147483647,-2147483648,-2147483648,-2147483648] => 1
[-2147483648,0,0,0] => 2147483648
[-2147483648,0,0,1] => 2147483648
[-2147483648,0,0,-1] => 2147483648
[-2147483648,0,0,2147483647] => 3037000499.26894
[-2147483648,0,0,-2147483648] => NaN
[-2147483648,0,1,0] => 2147483647
[-2147483648,0,1,1] => 2147483647
[-2147483648,0,1,-1] => 2147483647
[-2147483648,0,1,2147483647] => 3037000498.56184
[-2147483648,0,1,-2147483648] => 3037000499.26894
[-2147483648,0,-1,0] => 2147483647
[-2147483648,0,-1,1] => 2147483647
[-2147483648,0,-1,-1] => 2147483647
[-2147483648,0,-1,2147483647] => 3037000498.56184
[-2147483648,0,-1,-2147483648] => 3037000499.26894
[-2147483648,0,2147483647,0] => 1
[-2147483648,0,2147483647,1] => 1.4142135623731
[-2147483648,0,2147483647,-1] => 1.4142135623731
[-2147483648,0,2147483647,2147483647] => 2147483647
[-2147483648,0,2147483647,-2147483648] => 2147483648
[-2147483648,0,-2147483648,0] => 0
[-2147483648,0,-2147483648,1] => 1
[-2147483648,0,-2147483648,-1] => 1
[-2147483648,0,-2147483648,2147483647] => 2147483647
[-2147483648,0,-2147483648,-2147483648] => 2147483648
[-2147483648,1,0,0] => 2147483648
[-2147483648,1,0,1] => 2147483648
[-2147483648,1,0,-1] => 2147483648
[-2147483648,1,0,2147483647] => 3037000498.56184
[-2147483648,1,0,-2147483648] => 3037000499.26894
[-2147483648,1,1,0] => 2147483647
[-2147483648,1,1,1] => 2147483647
[-2147483648,1,1,-1] => 2147483647
[-2147483648,1,1,2147483647] => 3037000497.85473
[-2147483648,1,1,-2147483648] => 3037000498.56184
[-2147483648,1,-1,0] => 2147483647
[-2147483648,1,-1,1] => 2147483647
[-2147483648,1,-1,-1] => 2147483647
[-2147483648,1,-1,2147483647] => 3037000497.85473
[-2147483648,1,-1,-2147483648] => 3037000498.56184
[-2147483648,1,2147483647,0] => 1.4142135623731
[-2147483648,1,2147483647,1] => 1
[-2147483648,1,2147483647,-1] => 2.23606797749979
[-2147483648,1,2147483647,2147483647] => 2147483646
[-2147483648,1,2147483647,-2147483648] => 2147483647
[-2147483648,1,-2147483648,0] => 1
[-2147483648,1,-2147483648,1] => 0
[-2147483648,1,-2147483648,-1] => 2
[-2147483648,1,-2147483648,2147483647] => 2147483646
[-2147483648,1,-2147483648,-2147483648] => 2147483647
[-2147483648,-1,0,0] => 2147483648
[-2147483648,-1,0,1] => 2147483648
[-2147483648,-1,0,-1] => 2147483648
[-2147483648,-1,0,2147483647] => NaN
[-2147483648,-1,0,-2147483648] => 3037000499.26894
[-2147483648,-1,1,0] => 2147483647
[-2147483648,-1,1,1] => 2147483647
[-2147483648,-1,1,-1] => 2147483647
[-2147483648,-1,1,2147483647] => 3037000499.26894
[-2147483648,-1,1,-2147483648] => 3037000498.56184
[-2147483648,-1,-1,0] => 2147483647
[-2147483648,-1,-1,1] => 2147483647
[-2147483648,-1,-1,-1] => 2147483647
[-2147483648,-1,-1,2147483647] => 3037000499.26894
[-2147483648,-1,-1,-2147483648] => 3037000498.56184
[-2147483648,-1,2147483647,0] => 1.4142135623731
[-2147483648,-1,2147483647,1] => 2.23606797749979
[-2147483648,-1,2147483647,-1] => 1
[-2147483648,-1,2147483647,2147483647] => 2147483648
[-2147483648,-1,2147483647,-2147483648] => 2147483647
[-2147483648,-1,-2147483648,0] => 1
[-2147483648,-1,-2147483648,1] => 2
[-2147483648,-1,-2147483648,-1] => 0
[-2147483648,-1,-2147483648,2147483647] => 2147483648
[-2147483648,-1,-2147483648,-2147483648] => 2147483647
[-2147483648,2147483647,0,0] => 3037000499.26894
[-2147483648,2147483647,0,1] => 3037000498.56184
[-2147483648,2147483647,0,-1] => NaN
[-2147483648,2147483647,0,2147483647] => 2147483648
[-2147483648,2147483647,0,-2147483648] => 2147483648
[-2147483648,2147483647,1,0] => 3037000498.56184
[-2147483648,2147483647,1,1] => 3037000497.85473
[-2147483648,2147483647,1,-1] => 3037000499.26894
[-2147483648,2147483647,1,2147483647] => 2147483647
[-2147483648,2147483647,1,-2147483648] => 2147483647
[-2147483648,2147483647,-1,0] => 3037000498.56184
[-2147483648,2147483647,-1,1] => 3037000497.85473
[-2147483648,2147483647,-1,-1] => 3037000499.26894
[-2147483648,2147483647,-1,2147483647] => 2147483647
[-2147483648,2147483647,-1,-2147483648] => 2147483647
[-2147483648,2147483647,2147483647,0] => 2147483647
[-2147483648,2147483647,2147483647,1] => 2147483646
[-2147483648,2147483647,2147483647,-1] => 2147483648
[-2147483648,2147483647,2147483647,2147483647] => 1
[-2147483648,2147483647,2147483647,-2147483648] => 1.4142135623731
[-2147483648,2147483647,-2147483648,0] => 2147483647
[-2147483648,2147483647,-2147483648,1] => 2147483646
[-2147483648,2147483647,-2147483648,-1] => 2147483648
[-2147483648,2147483647,-2147483648,2147483647] => 0
[-2147483648,2147483647,-2147483648,-2147483648] => 1
[-2147483648,-2147483648,0,0] => NaN
[-2147483648,-2147483648,0,1] => 3037000499.26894
[-2147483648,-2147483648,0,-1] => 3037000499.26894
[-2147483648,-2147483648,0,2147483647] => 2147483648
[-2147483648,-2147483648,0,-2147483648] => 2147483648
[-2147483648,-2147483648,1,0] => 3037000499.26894
[-2147483648,-2147483648,1,1] => 3037000498.56184
[-2147483648,-2147483648,1,-1] => 3037000498.56184
[-2147483648,-2147483648,1,2147483647] => 2147483647
[-2147483648,-2147483648,1,-2147483648] => 2147483647
[-2147483648,-2147483648,-1,0] => 3037000499.26894
[-2147483648,-2147483648,-1,1] => 3037000498.56184
[-2147483648,-2147483648,-1,-1] => 3037000498.56184
[-2147483648,-2147483648,-1,2147483647] => 2147483647
[-2147483648,-2147483648,-1,-2147483648] => 2147483647
[-2147483648,-2147483648,2147483647,0] => 2147483648
[-2147483648,-2147483648,2147483647,1] => 2147483647
[-2147483648,-2147483648,2147483647,-1] => 2147483647
[-2147483648,-2147483648,2147483647,2147483647] => 1.4142135623731
[-2147483648,-2147483648,2147483647,-2147483648] => 1
[-2147483648,-2147483648,-2147483648,0] => 2147483648
[-2147483648,-2147483648,-2147483648,1] => 2147483647
[-2147483648,-2147483648,-2147483648,-1] => 2147483647
[-2147483648,-2147483648,-2147483648,2147483647] => 1
[-2147483648,-2147483648,-2147483648,-2147483648] => 0
