Sides[0] = Side [1,1]-[4,10]
Sides[1] = Side [4,10]-[10,2]
Sides[2] = Side [10,2]-[1,1]
